// Jest Snapshot v1, https://goo.gl/fbAQLP

exports[`ViewPost should render correctly 1`] = `
Array [
  <h1
    className="sc-fzozJi flsGJq"
  >
    The amazing posts
  </h1>,
  <div
    className="sc-fzoLsD haoCQg"
  >
    <label>
      Search for User using ID
    </label>
    <input
      className="sc-fzpans jFhoPn"
      inputMode="numeric"
      onChange={[Function]}
      placeholder="Ex: 1"
      type="number"
    />
  </div>,
  <div
    className="sc-AxjAm gMyFWH"
  >
    <div
      className="sc-AxirZ dVvgfn"
    >
      <div
        className="sc-AxiKw hcqcwH"
        height="200px"
        onClick={[Function]}
      >
        <h4
          className="sc-AxhCb fbvUGD"
          title="title"
        >
          title
        </h4>
        <p
          className="sc-AxhUy loiAMx"
        >
          body
        </p>
      </div>
    </div>
  </div>,
]
`;
